Component: ARM Compiler 5.06 update 4 (build 422) Tool: armlink [4d35d2]

==============================================================================

Section Cross References

    startup_stm32f10x_hd.o(RESET) refers to startup_stm32f10x_hd.o(STACK) for __initial_sp
    startup_stm32f10x_hd.o(RESET) refers to startup_stm32f10x_hd.o(.text) for Reset_Handler
    startup_stm32f10x_hd.o(RESET) refers to stm32f10x_it.o(.text) for NMI_Handler
    startup_stm32f10x_hd.o(.text) refers to system_stm32f10x.o(.text) for SystemInit
    startup_stm32f10x_hd.o(.text) refers to entry.o(.ARM.Collect$$$$00000000) for __main
    main.o(.text) refers to stm32f10x_usart.o(.text) for USART_SendData
    main.o(.text) refers to misc.o(.text) for NVIC_PriorityGroupConfig
    main.o(.text) refers to stm32f10x_gpio.o(.text) for GPIO_Init
    main.o(.text) refers to system_stm32f10x.o(.text) for SystemInit
    main.o(.text) refers to stm32f10x_rcc.o(.text) for RCC_APB2PeriphClockCmd
    main.o(.text) refers to memcpya.o(.text) for __aeabi_memcpy4
    main.o(.text) refers to memseta.o(.text) for __aeabi_memclr4
    main.o(.text) refers to sdio_sdcard.o(.text) for SD_Init
    main.o(.text) refers to printf2.o(i.__0printf$2) for __2printf
    main.o(.text) refers to ff.o(.text) for f_mount
    main.o(.text) refers to main.o(.data) for Status
    main.o(.text) refers to main.o(.bss) for fs
    pbdata.o(.text) refers to stm32f10x_rcc.o(.text) for RCC_DeInit
    stm32f10x_it.o(.text) refers to stm32f10x_usart.o(.text) for USART_GetITStatus
    stm32f10x_it.o(.text) refers to sdio_sdcard.o(.text) for SD_ProcessIRQSrc
    sdio_sdcard.o(.text) refers to stm32f10x_sdio.o(.text) for SDIO_ClockCmd
    sdio_sdcard.o(.text) refers to stm32f10x_rcc.o(.text) for RCC_AHBPeriphClockCmd
    sdio_sdcard.o(.text) refers to stm32f10x_gpio.o(.text) for GPIO_Init
    sdio_sdcard.o(.text) refers to stm32f10x_dma.o(.text) for DMA_GetFlagStatus
    sdio_sdcard.o(.text) refers to sdio_sdcard.o(.bss) for SDIO_CmdInitStructure
    sdio_sdcard.o(.text) refers to sdio_sdcard.o(.data) for RCA
    stm32f10x_gpio.o(.text) refers to stm32f10x_rcc.o(.text) for RCC_APB2PeriphResetCmd
    stm32f10x_rcc.o(.text) refers to stm32f10x_rcc.o(.data) for APBAHBPrescTable
    stm32f10x_tim.o(.text) refers to stm32f10x_rcc.o(.text) for RCC_APB2PeriphResetCmd
    stm32f10x_usart.o(.text) refers to stm32f10x_rcc.o(.text) for RCC_APB2PeriphResetCmd
    system_stm32f10x.o(.text) refers to system_stm32f10x.o(.data) for SystemCoreClock
    diskio.o(.text) refers to sdio_sdcard.o(.text) for SD_Init
    diskio.o(.text) refers to sdio_sdcard.o(.bss) for SDCardInfo
    ff.o(.text) refers to diskio.o(.text) for disk_write
    ff.o(.text) refers to ff.o(.bss) for Files
    ff.o(.text) refers to ff.o(.data) for CurrVol
    ff.o(.text) refers to ff.o(.constdata) for vst
    entry.o(.ARM.Collect$$$$00000000) refers (Special) to entry10a.o(.ARM.Collect$$$$0000000D) for __rt_final_cpp
    entry.o(.ARM.Collect$$$$00000000) refers (Special) to entry11a.o(.ARM.Collect$$$$0000000F) for __rt_final_exit
    entry.o(.ARM.Collect$$$$00000000) refers (Special) to entry7b.o(.ARM.Collect$$$$00000008) for _main_clock
    entry.o(.ARM.Collect$$$$00000000) refers (Special) to entry8b.o(.ARM.Collect$$$$0000000A) for _main_cpp_init
    entry.o(.ARM.Collect$$$$00000000) refers (Special) to entry9a.o(.ARM.Collect$$$$0000000B) for _main_init
    entry.o(.ARM.Collect$$$$00000000) refers (Special) to entry5.o(.ARM.Collect$$$$00000004) for _main_scatterload
    entry.o(.ARM.Collect$$$$00000000) refers (Special) to entry2.o(.ARM.Collect$$$$00000001) for _main_stk
    printfb.o(i.__0fprintf$bare) refers to printfb.o(i._printf_core) for _printf_core
    printfb.o(i.__0fprintf$bare) refers to main.o(.text) for fputc
    printfb.o(i.__0printf$bare) refers to printfb.o(i._printf_core) for _printf_core
    printfb.o(i.__0printf$bare) refers to main.o(.text) for fputc
    printfb.o(i.__0printf$bare) refers to stdout.o(.data) for __stdout
    printfb.o(i.__0snprintf$bare) refers to printfb.o(i._printf_core) for _printf_core
    printfb.o(i.__0snprintf$bare) refers to printfb.o(i._snputc) for _snputc
    printfb.o(i.__0sprintf$bare) refers to printfb.o(i._printf_core) for _printf_core
    printfb.o(i.__0sprintf$bare) refers to printfb.o(i._sputc) for _sputc
    printfb.o(i.__0vfprintf$bare) refers to printfb.o(i._printf_core) for _printf_core
    printfb.o(i.__0vfprintf$bare) refers to main.o(.text) for fputc
    printfb.o(i.__0vprintf$bare) refers to printfb.o(i._printf_core) for _printf_core
    printfb.o(i.__0vprintf$bare) refers to main.o(.text) for fputc
    printfb.o(i.__0vprintf$bare) refers to stdout.o(.data) for __stdout
    printfb.o(i.__0vsnprintf$bare) refers to printfb.o(i._printf_core) for _printf_core
    printfb.o(i.__0vsnprintf$bare) refers to printfb.o(i._snputc) for _snputc
    printfb.o(i.__0vsprintf$bare) refers to printfb.o(i._printf_core) for _printf_core
    printfb.o(i.__0vsprintf$bare) refers to printfb.o(i._sputc) for _sputc
    printf0.o(i.__0fprintf$0) refers to printf0.o(i._printf_core) for _printf_core
    printf0.o(i.__0fprintf$0) refers to main.o(.text) for fputc
    printf0.o(i.__0printf$0) refers to printf0.o(i._printf_core) for _printf_core
    printf0.o(i.__0printf$0) refers to main.o(.text) for fputc
    printf0.o(i.__0printf$0) refers to stdout.o(.data) for __stdout
    printf0.o(i.__0snprintf$0) refers to printf0.o(i._printf_core) for _printf_core
    printf0.o(i.__0snprintf$0) refers to printf0.o(i._snputc) for _snputc
    printf0.o(i.__0sprintf$0) refers to printf0.o(i._printf_core) for _printf_core
    printf0.o(i.__0sprintf$0) refers to printf0.o(i._sputc) for _sputc
    printf0.o(i.__0vfprintf$0) refers to printf0.o(i._printf_core) for _printf_core
    printf0.o(i.__0vfprintf$0) refers to main.o(.text) for fputc
    printf0.o(i.__0vprintf$0) refers to printf0.o(i._printf_core) for _printf_core
    printf0.o(i.__0vprintf$0) refers to main.o(.text) for fputc
    printf0.o(i.__0vprintf$0) refers to stdout.o(.data) for __stdout
    printf0.o(i.__0vsnprintf$0) refers to printf0.o(i._printf_core) for _printf_core
    printf0.o(i.__0vsnprintf$0) refers to printf0.o(i._snputc) for _snputc
    printf0.o(i.__0vsprintf$0) refers to printf0.o(i._printf_core) for _printf_core
    printf0.o(i.__0vsprintf$0) refers to printf0.o(i._sputc) for _sputc
    printf1.o(i.__0fprintf$1) refers to printf1.o(i._printf_core) for _printf_core
    printf1.o(i.__0fprintf$1) refers to main.o(.text) for fputc
    printf1.o(i.__0printf$1) refers to printf1.o(i._printf_core) for _printf_core
    printf1.o(i.__0printf$1) refers to main.o(.text) for fputc
    printf1.o(i.__0printf$1) refers to stdout.o(.data) for __stdout
    printf1.o(i.__0snprintf$1) refers to printf1.o(i._printf_core) for _printf_core
    printf1.o(i.__0snprintf$1) refers to printf1.o(i._snputc) for _snputc
    printf1.o(i.__0sprintf$1) refers to printf1.o(i._printf_core) for _printf_core
    printf1.o(i.__0sprintf$1) refers to printf1.o(i._sputc) for _sputc
    printf1.o(i.__0vfprintf$1) refers to printf1.o(i._printf_core) for _printf_core
    printf1.o(i.__0vfprintf$1) refers to main.o(.text) for fputc
    printf1.o(i.__0vprintf$1) refers to printf1.o(i._printf_core) for _printf_core
    printf1.o(i.__0vprintf$1) refers to main.o(.text) for fputc
    printf1.o(i.__0vprintf$1) refers to stdout.o(.data) for __stdout
    printf1.o(i.__0vsnprintf$1) refers to printf1.o(i._printf_core) for _printf_core
    printf1.o(i.__0vsnprintf$1) refers to printf1.o(i._snputc) for _snputc
    printf1.o(i.__0vsprintf$1) refers to printf1.o(i._printf_core) for _printf_core
    printf1.o(i.__0vsprintf$1) refers to printf1.o(i._sputc) for _sputc
    printf1.o(i._printf_core) refers to uidiv.o(.text) for __aeabi_uidivmod
    printf2.o(i.__0fprintf$2) refers to printf2.o(i._printf_core) for _printf_core
    printf2.o(i.__0fprintf$2) refers to main.o(.text) for fputc
    printf2.o(i.__0printf$2) refers to printf2.o(i._printf_core) for _printf_core
    printf2.o(i.__0printf$2) refers to main.o(.text) for fputc
    printf2.o(i.__0printf$2) refers to stdout.o(.data) for __stdout
    printf2.o(i.__0snprintf$2) refers to printf2.o(i._printf_core) for _printf_core
    printf2.o(i.__0snprintf$2) refers to printf2.o(i._snputc) for _snputc
    printf2.o(i.__0sprintf$2) refers to printf2.o(i._printf_core) for _printf_core
    printf2.o(i.__0sprintf$2) refers to printf2.o(i._sputc) for _sputc
    printf2.o(i.__0vfprintf$2) refers to printf2.o(i._printf_core) for _printf_core
    printf2.o(i.__0vfprintf$2) refers to main.o(.text) for fputc
    printf2.o(i.__0vprintf$2) refers to printf2.o(i._printf_core) for _printf_core
    printf2.o(i.__0vprintf$2) refers to main.o(.text) for fputc
    printf2.o(i.__0vprintf$2) refers to stdout.o(.data) for __stdout
    printf2.o(i.__0vsnprintf$2) refers to printf2.o(i._printf_core) for _printf_core
    printf2.o(i.__0vsnprintf$2) refers to printf2.o(i._snputc) for _snputc
    printf2.o(i.__0vsprintf$2) refers to printf2.o(i._printf_core) for _printf_core
    printf2.o(i.__0vsprintf$2) refers to printf2.o(i._sputc) for _sputc
    printf3.o(i.__0fprintf$3) refers to printf3.o(i._printf_core) for _printf_core
    printf3.o(i.__0fprintf$3) refers to main.o(.text) for fputc
    printf3.o(i.__0printf$3) refers to printf3.o(i._printf_core) for _printf_core
    printf3.o(i.__0printf$3) refers to main.o(.text) for fputc
    printf3.o(i.__0printf$3) refers to stdout.o(.data) for __stdout
    printf3.o(i.__0snprintf$3) refers to printf3.o(i._printf_core) for _printf_core
    printf3.o(i.__0snprintf$3) refers to printf3.o(i._snputc) for _snputc
    printf3.o(i.__0sprintf$3) refers to printf3.o(i._printf_core) for _printf_core
    printf3.o(i.__0sprintf$3) refers to printf3.o(i._sputc) for _sputc
    printf3.o(i.__0vfprintf$3) refers to printf3.o(i._printf_core) for _printf_core
    printf3.o(i.__0vfprintf$3) refers to main.o(.text) for fputc
    printf3.o(i.__0vprintf$3) refers to printf3.o(i._printf_core) for _printf_core
    printf3.o(i.__0vprintf$3) refers to main.o(.text) for fputc
    printf3.o(i.__0vprintf$3) refers to stdout.o(.data) for __stdout
    printf3.o(i.__0vsnprintf$3) refers to printf3.o(i._printf_core) for _printf_core
    printf3.o(i.__0vsnprintf$3) refers to printf3.o(i._snputc) for _snputc
    printf3.o(i.__0vsprintf$3) refers to printf3.o(i._printf_core) for _printf_core
    printf3.o(i.__0vsprintf$3) refers to printf3.o(i._sputc) for _sputc
    printf3.o(i._printf_core) refers to uidiv.o(.text) for __aeabi_uidivmod
    printf4.o(i.__0fprintf$4) refers to printf4.o(i._printf_core) for _printf_core
    printf4.o(i.__0fprintf$4) refers to main.o(.text) for fputc
    printf4.o(i.__0printf$4) refers to printf4.o(i._printf_core) for _printf_core
    printf4.o(i.__0printf$4) refers to main.o(.text) for fputc
    printf4.o(i.__0printf$4) refers to stdout.o(.data) for __stdout
    printf4.o(i.__0snprintf$4) refers to printf4.o(i._printf_core) for _printf_core
    printf4.o(i.__0snprintf$4) refers to printf4.o(i._snputc) for _snputc
    printf4.o(i.__0sprintf$4) refers to printf4.o(i._printf_core) for _printf_core
    printf4.o(i.__0sprintf$4) refers to printf4.o(i._sputc) for _sputc
    printf4.o(i.__0vfprintf$4) refers to printf4.o(i._printf_core) for _printf_core
    printf4.o(i.__0vfprintf$4) refers to main.o(.text) for fputc
    printf4.o(i.__0vprintf$4) refers to printf4.o(i._printf_core) for _printf_core
    printf4.o(i.__0vprintf$4) refers to main.o(.text) for fputc
    printf4.o(i.__0vprintf$4) refers to stdout.o(.data) for __stdout
    printf4.o(i.__0vsnprintf$4) refers to printf4.o(i._printf_core) for _printf_core
    printf4.o(i.__0vsnprintf$4) refers to printf4.o(i._snputc) for _snputc
    printf4.o(i.__0vsprintf$4) refers to printf4.o(i._printf_core) for _printf_core
    printf4.o(i.__0vsprintf$4) refers to printf4.o(i._sputc) for _sputc
    printf4.o(i._printf_core) refers to uldiv.o(.text) for __aeabi_uldivmod
    printf5.o(i.__0fprintf$5) refers to printf5.o(i._printf_core) for _printf_core
    printf5.o(i.__0fprintf$5) refers to main.o(.text) for fputc
    printf5.o(i.__0printf$5) refers to printf5.o(i._printf_core) for _printf_core
    printf5.o(i.__0printf$5) refers to main.o(.text) for fputc
    printf5.o(i.__0printf$5) refers to stdout.o(.data) for __stdout
    printf5.o(i.__0snprintf$5) refers to printf5.o(i._printf_core) for _printf_core
    printf5.o(i.__0snprintf$5) refers to printf5.o(i._snputc) for _snputc
    printf5.o(i.__0sprintf$5) refers to printf5.o(i._printf_core) for _printf_core
    printf5.o(i.__0sprintf$5) refers to printf5.o(i._sputc) for _sputc
    printf5.o(i.__0vfprintf$5) refers to printf5.o(i._printf_core) for _printf_core
    printf5.o(i.__0vfprintf$5) refers to main.o(.text) for fputc
    printf5.o(i.__0vprintf$5) refers to printf5.o(i._printf_core) for _printf_core
    printf5.o(i.__0vprintf$5) refers to main.o(.text) for fputc
    printf5.o(i.__0vprintf$5) refers to stdout.o(.data) for __stdout
    printf5.o(i.__0vsnprintf$5) refers to printf5.o(i._printf_core) for _printf_core
    printf5.o(i.__0vsnprintf$5) refers to printf5.o(i._snputc) for _snputc
    printf5.o(i.__0vsprintf$5) refers to printf5.o(i._printf_core) for _printf_core
    printf5.o(i.__0vsprintf$5) refers to printf5.o(i._sputc) for _sputc
    printf5.o(i._printf_core) refers to uldiv.o(.text) for __aeabi_uldivmod
    printf6.o(i.__0fprintf$6) refers to printf6.o(i._printf_core) for _printf_core
    printf6.o(i.__0fprintf$6) refers to main.o(.text) for fputc
    printf6.o(i.__0printf$6) refers to printf6.o(i._printf_core) for _printf_core
    printf6.o(i.__0printf$6) refers to main.o(.text) for fputc
    printf6.o(i.__0printf$6) refers to stdout.o(.data) for __stdout
    printf6.o(i.__0snprintf$6) refers to printf6.o(i._printf_core) for _printf_core
    printf6.o(i.__0snprintf$6) refers to printf6.o(i._snputc) for _snputc
    printf6.o(i.__0sprintf$6) refers to printf6.o(i._printf_core) for _printf_core
    printf6.o(i.__0sprintf$6) refers to printf6.o(i._sputc) for _sputc
    printf6.o(i.__0vfprintf$6) refers to printf6.o(i._printf_core) for _printf_core
    printf6.o(i.__0vfprintf$6) refers to main.o(.text) for fputc
    printf6.o(i.__0vprintf$6) refers to printf6.o(i._printf_core) for _printf_core
    printf6.o(i.__0vprintf$6) refers to main.o(.text) for fputc
    printf6.o(i.__0vprintf$6) refers to stdout.o(.data) for __stdout
    printf6.o(i.__0vsnprintf$6) refers to printf6.o(i._printf_core) for _printf_core
    printf6.o(i.__0vsnprintf$6) refers to printf6.o(i._snputc) for _snputc
    printf6.o(i.__0vsprintf$6) refers to printf6.o(i._printf_core) for _printf_core
    printf6.o(i.__0vsprintf$6) refers to printf6.o(i._sputc) for _sputc
    printf6.o(i._printf_core) refers to printf6.o(i._printf_pre_padding) for _printf_pre_padding
    printf6.o(i._printf_core) refers to uidiv.o(.text) for __aeabi_uidivmod
    printf6.o(i._printf_core) refers to printf6.o(i._printf_post_padding) for _printf_post_padding
    printf7.o(i.__0fprintf$7) refers to printf7.o(i._printf_core) for _printf_core
    printf7.o(i.__0fprintf$7) refers to main.o(.text) for fputc
    printf7.o(i.__0printf$7) refers to printf7.o(i._printf_core) for _printf_core
    printf7.o(i.__0printf$7) refers to main.o(.text) for fputc
    printf7.o(i.__0printf$7) refers to stdout.o(.data) for __stdout
    printf7.o(i.__0snprintf$7) refers to printf7.o(i._printf_core) for _printf_core
    printf7.o(i.__0snprintf$7) refers to printf7.o(i._snputc) for _snputc
    printf7.o(i.__0sprintf$7) refers to printf7.o(i._printf_core) for _printf_core
    printf7.o(i.__0sprintf$7) refers to printf7.o(i._sputc) for _sputc
    printf7.o(i.__0vfprintf$7) refers to printf7.o(i._printf_core) for _printf_core
    printf7.o(i.__0vfprintf$7) refers to main.o(.text) for fputc
    printf7.o(i.__0vprintf$7) refers to printf7.o(i._printf_core) for _printf_core
    printf7.o(i.__0vprintf$7) refers to main.o(.text) for fputc
    printf7.o(i.__0vprintf$7) refers to stdout.o(.data) for __stdout
    printf7.o(i.__0vsnprintf$7) refers to printf7.o(i._printf_core) for _printf_core
    printf7.o(i.__0vsnprintf$7) refers to printf7.o(i._snputc) for _snputc
    printf7.o(i.__0vsprintf$7) refers to printf7.o(i._printf_core) for _printf_core
    printf7.o(i.__0vsprintf$7) refers to printf7.o(i._sputc) for _sputc
    printf7.o(i._printf_core) refers to printf7.o(i._printf_pre_padding) for _printf_pre_padding
    printf7.o(i._printf_core) refers to uldiv.o(.text) for __aeabi_uldivmod
    printf7.o(i._printf_core) refers to printf7.o(i._printf_post_padding) for _printf_post_padding
    printf8.o(i.__0fprintf$8) refers to printf8.o(i._printf_core) for _printf_core
    printf8.o(i.__0fprintf$8) refers to main.o(.text) for fputc
    printf8.o(i.__0printf$8) refers to printf8.o(i._printf_core) for _printf_core
    printf8.o(i.__0printf$8) refers to main.o(.text) for fputc
    printf8.o(i.__0printf$8) refers to stdout.o(.data) for __stdout
    printf8.o(i.__0snprintf$8) refers to printf8.o(i._printf_core) for _printf_core
    printf8.o(i.__0snprintf$8) refers to printf8.o(i._snputc) for _snputc
    printf8.o(i.__0sprintf$8) refers to printf8.o(i._printf_core) for _printf_core
    printf8.o(i.__0sprintf$8) refers to printf8.o(i._sputc) for _sputc
    printf8.o(i.__0vfprintf$8) refers to printf8.o(i._printf_core) for _printf_core
    printf8.o(i.__0vfprintf$8) refers to main.o(.text) for fputc
    printf8.o(i.__0vprintf$8) refers to printf8.o(i._printf_core) for _printf_core
    printf8.o(i.__0vprintf$8) refers to main.o(.text) for fputc
    printf8.o(i.__0vprintf$8) refers to stdout.o(.data) for __stdout
    printf8.o(i.__0vsnprintf$8) refers to printf8.o(i._printf_core) for _printf_core
    printf8.o(i.__0vsnprintf$8) refers to printf8.o(i._snputc) for _snputc
    printf8.o(i.__0vsprintf$8) refers to printf8.o(i._printf_core) for _printf_core
    printf8.o(i.__0vsprintf$8) refers to printf8.o(i._sputc) for _sputc
    printf8.o(i._printf_core) refers to printf8.o(i._printf_pre_padding) for _printf_pre_padding
    printf8.o(i._printf_core) refers to uldiv.o(.text) for __aeabi_uldivmod
    printf8.o(i._printf_core) refers to printf8.o(i._printf_post_padding) for _printf_post_padding
    printfa.o(i.__0fprintf) refers (Special) to iusefp.o(.text) for __I$use$fp
    printfa.o(i.__0fprintf) refers to printfa.o(i._printf_core) for _printf_core
    printfa.o(i.__0fprintf) refers to main.o(.text) for fputc
    printfa.o(i.__0printf) refers (Special) to iusefp.o(.text) for __I$use$fp
    printfa.o(i.__0printf) refers to printfa.o(i._printf_core) for _printf_core
    printfa.o(i.__0printf) refers to main.o(.text) for fputc
    printfa.o(i.__0printf) refers to stdout.o(.data) for __stdout
    printfa.o(i.__0snprintf) refers (Special) to iusefp.o(.text) for __I$use$fp
    printfa.o(i.__0snprintf) refers to printfa.o(i._printf_core) for _printf_core
    printfa.o(i.__0snprintf) refers to printfa.o(i._snputc) for _snputc
    printfa.o(i.__0sprintf) refers (Special) to iusefp.o(.text) for __I$use$fp
    printfa.o(i.__0sprintf) refers to printfa.o(i._printf_core) for _printf_core
    printfa.o(i.__0sprintf) refers to printfa.o(i._sputc) for _sputc
    printfa.o(i.__0vfprintf) refers (Special) to iusefp.o(.text) for __I$use$fp
    printfa.o(i.__0vfprintf) refers to printfa.o(i._printf_core) for _printf_core
    printfa.o(i.__0vfprintf) refers to main.o(.text) for fputc
    printfa.o(i.__0vprintf) refers (Special) to iusefp.o(.text) for __I$use$fp
    printfa.o(i.__0vprintf) refers to printfa.o(i._printf_core) for _printf_core
    printfa.o(i.__0vprintf) refers to main.o(.text) for fputc
    printfa.o(i.__0vprintf) refers to stdout.o(.data) for __stdout
    printfa.o(i.__0vsnprintf) refers (Special) to iusefp.o(.text) for __I$use$fp
    printfa.o(i.__0vsnprintf) refers to printfa.o(i._printf_core) for _printf_core
    printfa.o(i.__0vsnprintf) refers to printfa.o(i._snputc) for _snputc
    printfa.o(i.__0vsprintf) refers (Special) to iusefp.o(.text) for __I$use$fp
    printfa.o(i.__0vsprintf) refers to printfa.o(i._printf_core) for _printf_core
    printfa.o(i.__0vsprintf) refers to printfa.o(i._sputc) for _sputc
    printfa.o(i._fp_digits) refers (Special) to iusefp.o(.text) for __I$use$fp
    printfa.o(i._fp_digits) refers to dmul.o(.text) for __aeabi_dmul
    printfa.o(i._fp_digits) refers to ddiv.o(.text) for __aeabi_ddiv
    printfa.o(i._fp_digits) refers to cdrcmple.o(.text) for __aeabi_cdrcmple
    printfa.o(i._fp_digits) refers to dadd.o(.text) for __aeabi_dadd
    printfa.o(i._fp_digits) refers to dfixul.o(.text) for __aeabi_d2ulz
    printfa.o(i._fp_digits) refers to uldiv.o(.text) for __aeabi_uldivmod
    printfa.o(i._printf_core) refers (Special) to iusefp.o(.text) for __I$use$fp
    printfa.o(i._printf_core) refers to printfa.o(i._printf_pre_padding) for _printf_pre_padding
    printfa.o(i._printf_core) refers to uldiv.o(.text) for __aeabi_uldivmod
    printfa.o(i._printf_core) refers to printfa.o(i._printf_post_padding) for _printf_post_padding
    printfa.o(i._printf_core) refers to printfa.o(i._fp_digits) for _fp_digits
    printfa.o(i._printf_core) refers to uidiv.o(.text) for __aeabi_uidivmod
    printfa.o(i._printf_post_padding) refers (Special) to iusefp.o(.text) for __I$use$fp
    printfa.o(i._printf_pre_padding) refers (Special) to iusefp.o(.text) for __I$use$fp
    printfa.o(i._snputc) refers (Special) to iusefp.o(.text) for __I$use$fp
    printfa.o(i._sputc) refers (Special) to iusefp.o(.text) for __I$use$fp
    entry2.o(.ARM.Collect$$$$00000001) refers to entry2.o(.ARM.Collect$$$$00002712) for __lit__00000000
    entry2.o(.ARM.Collect$$$$00002712) refers to startup_stm32f10x_hd.o(STACK) for __initial_sp
    entry2.o(__vectab_stack_and_reset_area) refers to startup_stm32f10x_hd.o(STACK) for __initial_sp
    entry2.o(__vectab_stack_and_reset_area) refers to entry.o(.ARM.Collect$$$$00000000) for __main
    entry5.o(.ARM.Collect$$$$00000004) refers to init.o(.text) for __scatterload
    entry9a.o(.ARM.Collect$$$$0000000B) refers to main.o(.text) for main
    entry9b.o(.ARM.Collect$$$$0000000C) refers to main.o(.text) for main
    uldiv.o(.text) refers to llushr.o(.text) for __aeabi_llsr
    uldiv.o(.text) refers to llshl.o(.text) for __aeabi_llsl
    dadd.o(.text) refers to llshl.o(.text) for __aeabi_llsl
    dadd.o(.text) refers to llsshr.o(.text) for __aeabi_lasr
    dadd.o(.text) refers to depilogue.o(.text) for _double_epilogue
    dmul.o(.text) refers to depilogue.o(.text) for _double_epilogue
    ddiv.o(.text) refers to depilogue.o(.text) for _double_round
    dfixul.o(.text) refers to llushr.o(.text) for __aeabi_llsr
    dfixul.o(.text) refers to llshl.o(.text) for __aeabi_llsl
    init.o(.text) refers to entry5.o(.ARM.Collect$$$$00000004) for __main_after_scatterload
    depilogue.o(.text) refers to llshl.o(.text) for __aeabi_llsl
    depilogue.o(.text) refers to llushr.o(.text) for __aeabi_llsr


==============================================================================

Removing Unused input sections from the image.

    Removing startup_stm32f10x_hd.o(HEAP), (512 bytes).
    Removing pbdata.o(.text), (210 bytes).
    Removing pbdata.o(.data), (1 bytes).
    Removing stm32f10x_exti.o(.text), (284 bytes).
    Removing stm32f10x_tim.o(.text), (3610 bytes).
    Removing core_cm3.o(.emb_text), (32 bytes).
    Removing dadd.o(.text), (334 bytes).
    Removing dmul.o(.text), (228 bytes).
    Removing ddiv.o(.text), (222 bytes).
    Removing dfixul.o(.text), (48 bytes).
    Removing cdrcmple.o(.text), (48 bytes).
    Removing depilogue.o(.text), (186 bytes).

12 unused section(s) (total 5715 bytes) removed from the image.

==============================================================================

Image Symbol Table

    Local Symbols

    Symbol Name                              Value     Ov Type        Size  Object(Section)

    ../clib/microlib/division.c              0x00000000   Number         0  uldiv.o ABSOLUTE
    ../clib/microlib/division.c              0x00000000   Number         0  uidiv.o ABSOLUTE
    ../clib/microlib/init/entry.s            0x00000000   Number         0  entry11b.o ABSOLUTE
    ../clib/microlib/init/entry.s            0x00000000   Number         0  entry11a.o ABSOLUTE
    ../clib/microlib/init/entry.s            0x00000000   Number         0  entry.o ABSOLUTE
    ../clib/microlib/init/entry.s            0x00000000   Number         0  entry2.o ABSOLUTE
    ../clib/microlib/init/entry.s            0x00000000   Number         0  entry10b.o ABSOLUTE
    ../clib/microlib/init/entry.s            0x00000000   Number         0  entry10a.o ABSOLUTE
    ../clib/microlib/init/entry.s            0x00000000   Number         0  entry9b.o ABSOLUTE
    ../clib/microlib/init/entry.s            0x00000000   Number         0  entry5.o ABSOLUTE
    ../clib/microlib/init/entry.s            0x00000000   Number         0  entry7a.o ABSOLUTE
    ../clib/microlib/init/entry.s            0x00000000   Number         0  entry7b.o ABSOLUTE
    ../clib/microlib/init/entry.s            0x00000000   Number         0  entry8a.o ABSOLUTE
    ../clib/microlib/init/entry.s            0x00000000   Number         0  entry8b.o ABSOLUTE
    ../clib/microlib/init/entry.s            0x00000000   Number         0  entry9a.o ABSOLUTE
    ../clib/microlib/longlong.c              0x00000000   Number         0  llsshr.o ABSOLUTE
    ../clib/microlib/longlong.c              0x00000000   Number         0  llushr.o ABSOLUTE
    ../clib/microlib/longlong.c              0x00000000   Number         0  llshl.o ABSOLUTE
    ../clib/microlib/printf/printf.c         0x00000000   Number         0  printfa.o ABSOLUTE
    ../clib/microlib/printf/printf.c         0x00000000   Number         0  printf8.o ABSOLUTE
    ../clib/microlib/printf/printf.c         0x00000000   Number         0  printf7.o ABSOLUTE
    ../clib/microlib/printf/printf.c         0x00000000   Number         0  printf6.o ABSOLUTE
    ../clib/microlib/printf/printf.c         0x00000000   Number         0  printf5.o ABSOLUTE
    ../clib/microlib/printf/printf.c         0x00000000   Number         0  printf4.o ABSOLUTE
    ../clib/microlib/printf/printf.c         0x00000000   Number         0  printf3.o ABSOLUTE
    ../clib/microlib/printf/printf.c         0x00000000   Number         0  printf2.o ABSOLUTE
    ../clib/microlib/printf/printf.c         0x00000000   Number         0  printf1.o ABSOLUTE
    ../clib/microlib/printf/printf.c         0x00000000   Number         0  printf0.o ABSOLUTE
    ../clib/microlib/printf/printf.c         0x00000000   Number         0  printfb.o ABSOLUTE
    ../clib/microlib/printf/stubs.s          0x00000000   Number         0  stubs.o ABSOLUTE
    ../clib/microlib/stdio/streams.c         0x00000000   Number         0  stdout.o ABSOLUTE
    ../clib/microlib/string/memcpy.c         0x00000000   Number         0  memcpya.o ABSOLUTE
    ../clib/microlib/string/memcpy.c         0x00000000   Number         0  memcpyb.o ABSOLUTE
    ../clib/microlib/string/memset.c         0x00000000   Number         0  memseta.o ABSOLUTE
    ../clib/microlib/stubs.s                 0x00000000   Number         0  iusefp.o ABSOLUTE
    ../fplib/microlib/fpadd.c                0x00000000   Number         0  dadd.o ABSOLUTE
    ../fplib/microlib/fpdiv.c                0x00000000   Number         0  ddiv.o ABSOLUTE
    ../fplib/microlib/fpepilogue.c           0x00000000   Number         0  depilogue.o ABSOLUTE
    ../fplib/microlib/fpfix.c                0x00000000   Number         0  dfixul.o ABSOLUTE
    ../fplib/microlib/fpmul.c                0x00000000   Number         0  dmul.o ABSOLUTE
    ASM\startup_stm32f10x_hd.s               0x00000000   Number         0  startup_stm32f10x_hd.o ABSOLUTE
    Lib\SRC\misc.c                           0x00000000   Number         0  misc.o ABSOLUTE
    Lib\SRC\stm32f10x_dma.c                  0x00000000   Number         0  stm32f10x_dma.o ABSOLUTE
    Lib\SRC\stm32f10x_exti.c                 0x00000000   Number         0  stm32f10x_exti.o ABSOLUTE
    Lib\SRC\stm32f10x_gpio.c                 0x00000000   Number         0  stm32f10x_gpio.o ABSOLUTE
    Lib\SRC\stm32f10x_rcc.c                  0x00000000   Number         0  stm32f10x_rcc.o ABSOLUTE
    Lib\SRC\stm32f10x_sdio.c                 0x00000000   Number         0  stm32f10x_sdio.o ABSOLUTE
    Lib\SRC\stm32f10x_tim.c                  0x00000000   Number         0  stm32f10x_tim.o ABSOLUTE
    Lib\SRC\stm32f10x_usart.c                0x00000000   Number         0  stm32f10x_usart.o ABSOLUTE
    System\\core_cm3.c                       0x00000000   Number         0  core_cm3.o ABSOLUTE
    System\core_cm3.c                        0x00000000   Number         0  core_cm3.o ABSOLUTE
    System\system_stm32f10x.c                0x00000000   Number         0  system_stm32f10x.o ABSOLUTE
    USR\main.c                               0x00000000   Number         0  main.o ABSOLUTE
    USR\pbdata.c                             0x00000000   Number         0  pbdata.o ABSOLUTE
    USR\sdio_sdcard.c                        0x00000000   Number         0  sdio_sdcard.o ABSOLUTE
    USR\stm32f10x_it.c                       0x00000000   Number         0  stm32f10x_it.o ABSOLUTE
    cdrcmple.s                               0x00000000   Number         0  cdrcmple.o ABSOLUTE
    dc.s                                     0x00000000   Number         0  dc.o ABSOLUTE
    ff11a\src\diskio.c                       0x00000000   Number         0  diskio.o ABSOLUTE
    ff11a\src\ff.c                           0x00000000   Number         0  ff.o ABSOLUTE
    handlers.s                               0x00000000   Number         0  handlers.o ABSOLUTE
    init.s                                   0x00000000   Number         0  init.o ABSOLUTE
    RESET                                    0x08000000   Section      304  startup_stm32f10x_hd.o(RESET)
    .ARM.Collect$$$$00000000                 0x08000130   Section        0  entry.o(.ARM.Collect$$$$00000000)
    .ARM.Collect$$$$00000001                 0x08000130   Section        4  entry2.o(.ARM.Collect$$$$00000001)
    .ARM.Collect$$$$00000004                 0x08000134   Section        4  entry5.o(.ARM.Collect$$$$00000004)
    .ARM.Collect$$$$00000008                 0x08000138   Section        0  entry7b.o(.ARM.Collect$$$$00000008)
    .ARM.Collect$$$$0000000A                 0x08000138   Section        0  entry8b.o(.ARM.Collect$$$$0000000A)
    .ARM.Collect$$$$0000000B                 0x08000138   Section        8  entry9a.o(.ARM.Collect$$$$0000000B)
    .ARM.Collect$$$$0000000D                 0x08000140   Section        0  entry10a.o(.ARM.Collect$$$$0000000D)
    .ARM.Collect$$$$0000000F                 0x08000140   Section        0  entry11a.o(.ARM.Collect$$$$0000000F)
    .ARM.Collect$$$$00002712                 0x08000140   Section        4  entry2.o(.ARM.Collect$$$$00002712)
    __lit__00000000                          0x08000140   Data           4  entry2.o(.ARM.Collect$$$$00002712)
    .text                                    0x08000144   Section       36  startup_stm32f10x_hd.o(.text)
    .text                                    0x08000168   Section        0  main.o(.text)
    .text                                    0x080003f8   Section        0  stm32f10x_it.o(.text)
    .text                                    0x08000458   Section        0  sdio_sdcard.o(.text)
    SD_DMAEndOfTransferStatus                0x0800049b   Thumb Code    10  sdio_sdcard.o(.text)
    SD_DMA_RxConfig                          0x080004a5   Thumb Code    86  sdio_sdcard.o(.text)
    SD_DMA_TxConfig                          0x080004fb   Thumb Code    86  sdio_sdcard.o(.text)
    GPIO_Configuration                       0x08000551   Thumb Code    70  sdio_sdcard.o(.text)
    CmdResp1Error                            0x08000597   Thumb Code    40  sdio_sdcard.o(.text)
    FindSCR                                  0x080005bf   Thumb Code   396  sdio_sdcard.o(.text)
    SDEnWideBus                              0x0800074b   Thumb Code   274  sdio_sdcard.o(.text)
    CmdResp2Error                            0x08000bfd   Thumb Code    70  sdio_sdcard.o(.text)
    CmdResp6Error                            0x08000c43   Thumb Code   182  sdio_sdcard.o(.text)
    CmdResp3Error                            0x08000e1f   Thumb Code    52  sdio_sdcard.o(.text)
    CmdResp7Error                            0x08000e53   Thumb Code    72  sdio_sdcard.o(.text)
    CmdError                                 0x08000e9b   Thumb Code    44  sdio_sdcard.o(.text)
    IsCardProgramming                        0x0800175d   Thumb Code   396  sdio_sdcard.o(.text)
    .text                                    0x08001aa4   Section        0  stm32f10x_gpio.o(.text)
    .text                                    0x08001e00   Section        0  stm32f10x_rcc.o(.text)
    .text                                    0x080021a4   Section        0  misc.o(.text)
    .text                                    0x08002280   Section        0  stm32f10x_usart.o(.text)
    .text                                    0x08002688   Section        0  stm32f10x_dma.o(.text)
    .text                                    0x080028dc   Section        0  stm32f10x_sdio.o(.text)
    .text                                    0x08002ab0   Section        0  system_stm32f10x.o(.text)
    SetSysClockTo72                          0x08002ab1   Thumb Code   214  system_stm32f10x.o(.text)
    SetSysClock                              0x08002b87   Thumb Code     8  system_stm32f10x.o(.text)
    .text                                    0x08002c90   Section        0  diskio.o(.text)
    .text                                    0x08002d90   Section        0  ff.o(.text)
    mem_cpy                                  0x08002d91   Thumb Code    26  ff.o(.text)
    mem_set                                  0x08002dab   Thumb Code    20  ff.o(.text)
    mem_cmp                                  0x08002dbf   Thumb Code    38  ff.o(.text)
    chk_chr                                  0x08002de5   Thumb Code    20  ff.o(.text)
    chk_lock                                 0x08002df9   Thumb Code   134  ff.o(.text)
    enq_lock                                 0x08002e7f   Thumb Code    36  ff.o(.text)
    inc_lock                                 0x08002ea3   Thumb Code   214  ff.o(.text)
    dec_lock                                 0x08002f79   Thumb Code    72  ff.o(.text)
    clear_lock                               0x08002fc1   Thumb Code    42  ff.o(.text)
    sync_window                              0x08002feb   Thumb Code    82  ff.o(.text)
    move_window                              0x0800303d   Thumb Code    52  ff.o(.text)
    sync_fs                                  0x08003071   Thumb Code   200  ff.o(.text)
    remove_chain                             0x0800338d   Thumb Code   108  ff.o(.text)
    create_chain                             0x080033f9   Thumb Code   214  ff.o(.text)
    dir_sdi                                  0x080034cf   Thumb Code   158  ff.o(.text)
    dir_next                                 0x0800356d   Thumb Code   270  ff.o(.text)
    dir_alloc                                0x0800367b   Thumb Code    92  ff.o(.text)
    ld_clust                                 0x080036d7   Thumb Code    32  ff.o(.text)
    st_clust                                 0x080036f7   Thumb Code    16  ff.o(.text)
    dir_find                                 0x08003707   Thumb Code    92  ff.o(.text)
    dir_read                                 0x08003763   Thumb Code   112  ff.o(.text)
    dir_register                             0x080037d3   Thumb Code    58  ff.o(.text)
    dir_remove                               0x0800380d   Thumb Code    54  ff.o(.text)
    get_fileinfo                             0x08003843   Thumb Code   110  ff.o(.text)
    create_name                              0x080038b1   Thumb Code   410  ff.o(.text)
    follow_path                              0x08003a4b   Thumb Code   174  ff.o(.text)
    get_ldnumber                             0x08003af9   Thumb Code    76  ff.o(.text)
    check_fs                                 0x08003b45   Thumb Code   140  ff.o(.text)
    find_volume                              0x08003bd1   Thumb Code   938  ff.o(.text)
    validate                                 0x08003f7b   Thumb Code    50  ff.o(.text)
    putc_bfd                                 0x080055a1   Thumb Code    68  ff.o(.text)
    .text                                    0x080058fc   Section        0  memcpya.o(.text)
    .text                                    0x08005920   Section        0  memseta.o(.text)
    .text                                    0x08005944   Section       36  init.o(.text)
    i.__0printf$2                            0x08005968   Section        0  printf2.o(i.__0printf$2)
    i.__scatterload_copy                     0x08005988   Section       14  handlers.o(i.__scatterload_copy)
    i.__scatterload_null                     0x08005996   Section        2  handlers.o(i.__scatterload_null)
    i.__scatterload_zeroinit                 0x08005998   Section       14  handlers.o(i.__scatterload_zeroinit)
    i._printf_core                           0x080059a6   Section        0  printf2.o(i._printf_core)
    _printf_core                             0x080059a7   Thumb Code   214  printf2.o(i._printf_core)
    .constdata                               0x08005a7c   Section       44  ff.o(.constdata)
    vst                                      0x08005a7c   Data          22  ff.o(.constdata)
    cst                                      0x08005a92   Data          22  ff.o(.constdata)
    .data                                    0x20000000   Section       12  main.o(.data)
    .data                                    0x2000000c   Section       20  sdio_sdcard.o(.data)
    CardType                                 0x2000000c   Data           4  sdio_sdcard.o(.data)
    RCA                                      0x20000010   Data           4  sdio_sdcard.o(.data)
    .data                                    0x20000020   Section       20  stm32f10x_rcc.o(.data)
    APBAHBPrescTable                         0x20000020   Data          16  stm32f10x_rcc.o(.data)
    ADCPrescTable                            0x20000030   Data           4  stm32f10x_rcc.o(.data)
    .data                                    0x20000034   Section       20  system_stm32f10x.o(.data)
    .data                                    0x20000048   Section        3  ff.o(.data)
    Fsid                                     0x20000048   Data           2  ff.o(.data)
    CurrVol                                  0x2000004a   Data           1  ff.o(.data)
    .data                                    0x2000004c   Section        4  stdout.o(.data)
    .bss                                     0x20000050   Section     1116  main.o(.bss)
    .bss                                     0x200004ac   Section      196  sdio_sdcard.o(.bss)
    CSD_Tab                                  0x200004ac   Data          16  sdio_sdcard.o(.bss)
    CID_Tab                                  0x200004bc   Data          16  sdio_sdcard.o(.bss)
    SDSTATUS_Tab                             0x200004cc   Data          16  sdio_sdcard.o(.bss)
    .bss                                     0x20000570   Section       48  ff.o(.bss)
    FatFs                                    0x20000570   Data          12  ff.o(.bss)
    Files                                    0x2000057c   Data          36  ff.o(.bss)
    STACK                                    0x200005a0   Section     1024  startup_stm32f10x_hd.o(STACK)

    Global Symbols

    Symbol Name                              Value     Ov Type        Size  Object(Section)

    BuildAttributes$$THM_ISAv4$P$D$K$B$S$PE$A:L22UL41UL21$X:L11$S22US41US21$IEEE1$IW$USESV6$~STKCKD$USESV7$~SHL$OSPACE$ROPI$EBA8$MICROLIB$REQ8$PRES8$EABIv2 0x00000000   Number         0  anon$$obj.o ABSOLUTE
    __ARM_use_no_argv                        0x00000000   Number         0  main.o ABSOLUTE
    _printf_a                                0x00000000   Number         0  stubs.o ABSOLUTE
    _printf_c                                0x00000000   Number         0  stubs.o ABSOLUTE
    _printf_charcount                        0x00000000   Number         0  stubs.o ABSOLUTE
    _printf_d                                0x00000000   Number         0  stubs.o ABSOLUTE
    _printf_e                                0x00000000   Number         0  stubs.o ABSOLUTE
    _printf_f                                0x00000000   Number         0  stubs.o ABSOLUTE
    _printf_flags                            0x00000000   Number         0  stubs.o ABSOLUTE
    _printf_fp_dec                           0x00000000   Number         0  stubs.o ABSOLUTE
    _printf_fp_hex                           0x00000000   Number         0  stubs.o ABSOLUTE
    _printf_g                                0x00000000   Number         0  stubs.o ABSOLUTE
    _printf_i                                0x00000000   Number         0  stubs.o ABSOLUTE
    _printf_int_dec                          0x00000000   Number         0  stubs.o ABSOLUTE
    _printf_l                                0x00000000   Number         0  stubs.o ABSOLUTE
    _printf_lc                               0x00000000   Number         0  stubs.o ABSOLUTE
    _printf_ll                               0x00000000   Number         0  stubs.o ABSOLUTE
    _printf_lld                              0x00000000   Number         0  stubs.o ABSOLUTE
    _printf_lli                              0x00000000   Number         0  stubs.o ABSOLUTE
    _printf_llo                              0x00000000   Number         0  stubs.o ABSOLUTE
    _printf_llu                              0x00000000   Number         0  stubs.o ABSOLUTE
    _printf_llx                              0x00000000   Number         0  stubs.o ABSOLUTE
    _printf_longlong_dec                     0x00000000   Number         0  stubs.o ABSOLUTE
    _printf_longlong_hex                     0x00000000   Number         0  stubs.o ABSOLUTE
    _printf_longlong_oct                     0x00000000   Number         0  stubs.o ABSOLUTE
    _printf_ls                               0x00000000   Number         0  stubs.o ABSOLUTE
    _printf_mbtowc                           0x00000000   Number         0  stubs.o ABSOLUTE
    _printf_n                                0x00000000   Number         0  stubs.o ABSOLUTE
    _printf_o                                0x00000000   Number         0  stubs.o ABSOLUTE
    _printf_p                                0x00000000   Number         0  stubs.o ABSOLUTE
    _printf_percent                          0x00000000   Number         0  stubs.o ABSOLUTE
    _printf_pre_padding                      0x00000000   Number         0  stubs.o ABSOLUTE
    _printf_return_value                     0x00000000   Number         0  stubs.o ABSOLUTE
    _printf_s                                0x00000000   Number         0  stubs.o ABSOLUTE
    _printf_sizespec                         0x00000000   Number         0  stubs.o ABSOLUTE
    _printf_str                              0x00000000   Number         0  stubs.o ABSOLUTE
    _printf_truncate_signed                  0x00000000   Number         0  stubs.o ABSOLUTE
    _printf_truncate_unsigned                0x00000000   Number         0  stubs.o ABSOLUTE
    _printf_u                                0x00000000   Number         0  stubs.o ABSOLUTE
    _printf_wc                               0x00000000   Number         0  stubs.o ABSOLUTE
    _printf_wctomb                           0x00000000   Number         0  stubs.o ABSOLUTE
    _printf_widthprec                        0x00000000   Number         0  stubs.o ABSOLUTE
    _printf_x                                0x00000000   Number         0  stubs.o ABSOLUTE
    __cpp_initialize__aeabi_                  - Undefined Weak Reference
    __cxa_finalize                            - Undefined Weak Reference
    __decompress                              - Undefined Weak Reference
    _clock_init                               - Undefined Weak Reference
    _microlib_exit                            - Undefined Weak Reference
    __Vectors_Size                           0x00000130   Number         0  startup_stm32f10x_hd.o ABSOLUTE
    __Vectors                                0x08000000   Data           4  startup_stm32f10x_hd.o(RESET)
    __Vectors_End                            0x08000130   Data           0  startup_stm32f10x_hd.o(RESET)
    __main                                   0x08000131   Thumb Code     0  entry.o(.ARM.Collect$$$$00000000)
    _main_stk                                0x08000131   Thumb Code     0  entry2.o(.ARM.Collect$$$$00000001)
    _main_scatterload                        0x08000135   Thumb Code     0  entry5.o(.ARM.Collect$$$$00000004)
    __main_after_scatterload                 0x08000139   Thumb Code     0  entry5.o(.ARM.Collect$$$$00000004)
    _main_clock                              0x08000139   Thumb Code     0  entry7b.o(.ARM.Collect$$$$00000008)
    _main_cpp_init                           0x08000139   Thumb Code     0  entry8b.o(.ARM.Collect$$$$0000000A)
    _main_init                               0x08000139   Thumb Code     0  entry9a.o(.ARM.Collect$$$$0000000B)
    __rt_final_cpp                           0x08000141   Thumb Code     0  entry10a.o(.ARM.Collect$$$$0000000D)
    __rt_final_exit                          0x08000141   Thumb Code     0  entry11a.o(.ARM.Collect$$$$0000000F)
    Reset_Handler                            0x08000145   Thumb Code     8  startup_stm32f10x_hd.o(.text)
    ADC1_2_IRQHandler                        0x0800015f   Thumb Code     0  startup_stm32f10x_hd.o(.text)
    ADC3_IRQHandler                          0x0800015f   Thumb Code     0  startup_stm32f10x_hd.o(.text)
    CAN1_RX1_IRQHandler                      0x0800015f   Thumb Code     0  startup_stm32f10x_hd.o(.text)
    CAN1_SCE_IRQHandler                      0x0800015f   Thumb Code     0  startup_stm32f10x_hd.o(.text)
    DMA1_Channel1_IRQHandler                 0x0800015f   Thumb Code     0  startup_stm32f10x_hd.o(.text)
    DMA1_Channel2_IRQHandler                 0x0800015f   Thumb Code     0  startup_stm32f10x_hd.o(.text)
    DMA1_Channel3_IRQHandler                 0x0800015f   Thumb Code     0  startup_stm32f10x_hd.o(.text)
    DMA1_Channel4_IRQHandler                 0x0800015f   Thumb Code     0  startup_stm32f10x_hd.o(.text)
    DMA1_Channel5_IRQHandler                 0x0800015f   Thumb Code     0  startup_stm32f10x_hd.o(.text)
    DMA1_Channel6_IRQHandler                 0x0800015f   Thumb Code     0  startup_stm32f10x_hd.o(.text)
    DMA1_Channel7_IRQHandler                 0x0800015f   Thumb Code     0  startup_stm32f10x_hd.o(.text)
    DMA2_Channel1_IRQHandler                 0x0800015f   Thumb Code     0  startup_stm32f10x_hd.o(.text)
    DMA2_Channel2_IRQHandler                 0x0800015f   Thumb Code     0  startup_stm32f10x_hd.o(.text)
    DMA2_Channel3_IRQHandler                 0x0800015f   Thumb Code     0  startup_stm32f10x_hd.o(.text)
    DMA2_Channel4_5_IRQHandler               0x0800015f   Thumb Code     0  startup_stm32f10x_hd.o(.text)
    EXTI0_IRQHandler                         0x0800015f   Thumb Code     0  startup_stm32f10x_hd.o(.text)
    EXTI15_10_IRQHandler                     0x0800015f   Thumb Code     0  startup_stm32f10x_hd.o(.text)
    EXTI4_IRQHandler                         0x0800015f   Thumb Code     0  startup_stm32f10x_hd.o(.text)
    FLASH_IRQHandler                         0x0800015f   Thumb Code     0  startup_stm32f10x_hd.o(.text)
    FSMC_IRQHandler                          0x0800015f   Thumb Code     0  startup_stm32f10x_hd.o(.text)
    I2C1_ER_IRQHandler                       0x0800015f   Thumb Code     0  startup_stm32f10x_hd.o(.text)
    I2C1_EV_IRQHandler                       0x0800015f   Thumb Code     0  startup_stm32f10x_hd.o(.text)
    I2C2_ER_IRQHandler                       0x0800015f   Thumb Code     0  startup_stm32f10x_hd.o(.text)
    I2C2_EV_IRQHandler                       0x0800015f   Thumb Code     0  startup_stm32f10x_hd.o(.text)
    PVD_IRQHandler                           0x0800015f   Thumb Code     0  startup_stm32f10x_hd.o(.text)
    RCC_IRQHandler                           0x0800015f   Thumb Code     0  startup_stm32f10x_hd.o(.text)
    RTCAlarm_IRQHandler                      0x0800015f   Thumb Code     0  startup_stm32f10x_hd.o(.text)
    RTC_IRQHandler                           0x0800015f   Thumb Code     0  startup_stm32f10x_hd.o(.text)
    SPI1_IRQHandler                          0x0800015f   Thumb Code     0  startup_stm32f10x_hd.o(.text)
    SPI2_IRQHandler                          0x0800015f   Thumb Code     0  startup_stm32f10x_hd.o(.text)
    SPI3_IRQHandler                          0x0800015f   Thumb Code     0  startup_stm32f10x_hd.o(.text)
    TAMPER_IRQHandler                        0x0800015f   Thumb Code     0  startup_stm32f10x_hd.o(.text)
    TIM1_BRK_IRQHandler                      0x0800015f   Thumb Code     0  startup_stm32f10x_hd.o(.text)
    TIM1_CC_IRQHandler                       0x0800015f   Thumb Code     0  startup_stm32f10x_hd.o(.text)
    TIM1_TRG_COM_IRQHandler                  0x0800015f   Thumb Code     0  startup_stm32f10x_hd.o(.text)
    TIM1_UP_IRQHandler                       0x0800015f   Thumb Code     0  startup_stm32f10x_hd.o(.text)
    TIM2_IRQHandler                          0x0800015f   Thumb Code     0  startup_stm32f10x_hd.o(.text)
    TIM4_IRQHandler                          0x0800015f   Thumb Code     0  startup_stm32f10x_hd.o(.text)
    TIM5_IRQHandler                          0x0800015f   Thumb Code     0  startup_stm32f10x_hd.o(.text)
    TIM6_IRQHandler                          0x0800015f   Thumb Code     0  startup_stm32f10x_hd.o(.text)
    TIM7_IRQHandler                          0x0800015f   Thumb Code     0  startup_stm32f10x_hd.o(.text)
    TIM8_BRK_IRQHandler                      0x0800015f   Thumb Code     0  startup_stm32f10x_hd.o(.text)
    TIM8_CC_IRQHandler                       0x0800015f   Thumb Code     0  startup_stm32f10x_hd.o(.text)
    TIM8_TRG_COM_IRQHandler                  0x0800015f   Thumb Code     0  startup_stm32f10x_hd.o(.text)
    TIM8_UP_IRQHandler                       0x0800015f   Thumb Code     0  startup_stm32f10x_hd.o(.text)
    UART4_IRQHandler                         0x0800015f   Thumb Code     0  startup_stm32f10x_hd.o(.text)
    UART5_IRQHandler                         0x0800015f   Thumb Code     0  startup_stm32f10x_hd.o(.text)
    USART2_IRQHandler                        0x0800015f   Thumb Code     0  startup_stm32f10x_hd.o(.text)
    USART3_IRQHandler                        0x0800015f   Thumb Code     0  startup_stm32f10x_hd.o(.text)
    USBWakeUp_IRQHandler                     0x0800015f   Thumb Code     0  startup_stm32f10x_hd.o(.text)
    USB_HP_CAN1_TX_IRQHandler                0x0800015f   Thumb Code     0  startup_stm32f10x_hd.o(.text)
    USB_LP_CAN1_RX0_IRQHandler               0x0800015f   Thumb Code     0  startup_stm32f10x_hd.o(.text)
    WWDG_IRQHandler                          0x0800015f   Thumb Code     0  startup_stm32f10x_hd.o(.text)
    fputc                                    0x08000169   Thumb Code    32  main.o(.text)
    NVIC_Configuration                       0x08000189   Thumb Code    40  main.o(.text)
    USART_Configuration                      0x080001b1   Thumb Code    70  main.o(.text)
    GPIO_COM_Configuration                   0x080001f7   Thumb Code    54  main.o(.text)
    RCC_Configuration                        0x0800022d   Thumb Code    32  main.o(.text)
    main                                     0x0800024d   Thumb Code   220  main.o(.text)
    NMI_Handler                              0x080003f9   Thumb Code     2  stm32f10x_it.o(.text)
    USART1_IRQHandler                        0x080003fb   Thumb Code    46  stm32f10x_it.o(.text)
    HardFault_Handler                        0x08000429   Thumb Code     4  stm32f10x_it.o(.text)
    MemManage_Handler                        0x0800042d   Thumb Code     4  stm32f10x_it.o(.text)
    BusFault_Handler                         0x08000431   Thumb Code     4  stm32f10x_it.o(.text)
    UsageFault_Handler                       0x08000435   Thumb Code     4  stm32f10x_it.o(.text)
    SVC_Handler                              0x08000439   Thumb Code     2  stm32f10x_it.o(.text)
    DebugMon_Handler                         0x0800043b   Thumb Code     2  stm32f10x_it.o(.text)
    PendSV_Handler                           0x0800043d   Thumb Code     2  stm32f10x_it.o(.text)
    SysTick_Handler                          0x0800043f   Thumb Code     2  stm32f10x_it.o(.text)
    TIM3_IRQHandler                          0x08000441   Thumb Code     2  stm32f10x_it.o(.text)
    EXTI9_5_IRQHandler                       0x08000443   Thumb Code     2  stm32f10x_it.o(.text)
    EXTI1_IRQHandler                         0x08000445   Thumb Code     2  stm32f10x_it.o(.text)
    EXTI2_IRQHandler                         0x08000447   Thumb Code     2  stm32f10x_it.o(.text)
    EXTI3_IRQHandler                         0x08000449   Thumb Code     2  stm32f10x_it.o(.text)
    SDIO_IRQHandler                          0x0800044b   Thumb Code     8  stm32f10x_it.o(.text)
    SD_DeInit                                0x08000459   Thumb Code    66  sdio_sdcard.o(.text)
    SD_EnableWideBusOperation                0x0800085d   Thumb Code   180  sdio_sdcard.o(.text)
    SD_SelectDeselect                        0x08000911   Thumb Code    48  sdio_sdcard.o(.text)
    SD_GetCardInfo                           0x08000941   Thumb Code   700  sdio_sdcard.o(.text)
    SD_InitializeCards                       0x08000cf9   Thumb Code   294  sdio_sdcard.o(.text)
    SD_PowerON                               0x08000ec7   Thumb Code   374  sdio_sdcard.o(.text)
    SD_Init                                  0x0800103d   Thumb Code   102  sdio_sdcard.o(.text)
    SD_SendStatus                            0x080010a3   Thumb Code    46  sdio_sdcard.o(.text)
    SD_GetState                              0x080010d1   Thumb Code    64  sdio_sdcard.o(.text)
    SD_GetStatus                             0x08001111   Thumb Code    30  sdio_sdcard.o(.text)
    SD_PowerOFF                              0x0800112f   Thumb Code    14  sdio_sdcard.o(.text)
    SD_SendSDStatus                          0x0800113d   Thumb Code   360  sdio_sdcard.o(.text)
    SD_GetCardStatus                         0x080012a5   Thumb Code   156  sdio_sdcard.o(.text)
    SD_ReadBlock                             0x08001341   Thumb Code   192  sdio_sdcard.o(.text)
    SD_ReadMultiBlocks                       0x08001401   Thumb Code   202  sdio_sdcard.o(.text)
    SD_WaitReadOperation                     0x080014cb   Thumb Code    42  sdio_sdcard.o(.text)
    SD_WriteBlock                            0x080014f5   Thumb Code   226  sdio_sdcard.o(.text)
    SD_WriteMultiBlocks                      0x080015d7   Thumb Code   294  sdio_sdcard.o(.text)
    SD_WaitWriteOperation                    0x080016fd   Thumb Code    50  sdio_sdcard.o(.text)
    SD_GetTransferState                      0x0800172f   Thumb Code    18  sdio_sdcard.o(.text)
    SD_StopTransfer                          0x08001741   Thumb Code    28  sdio_sdcard.o(.text)
    SD_Erase                                 0x080018e9   Thumb Code   336  sdio_sdcard.o(.text)
    SD_ProcessIRQSrc                         0x08001a39   Thumb Code    70  sdio_sdcard.o(.text)
    convert_from_bytes_to_power_of_two       0x08001a7f   Thumb Code    18  sdio_sdcard.o(.text)
    GPIO_DeInit                              0x08001aa5   Thumb Code   172  stm32f10x_gpio.o(.text)
    GPIO_AFIODeInit                          0x08001b51   Thumb Code    20  stm32f10x_gpio.o(.text)
    GPIO_Init                                0x08001b65   Thumb Code   278  stm32f10x_gpio.o(.text)
    GPIO_StructInit                          0x08001c7b   Thumb Code    16  stm32f10x_gpio.o(.text)
    GPIO_ReadInputDataBit                    0x08001c8b   Thumb Code    18  stm32f10x_gpio.o(.text)
    GPIO_ReadInputData                       0x08001c9d   Thumb Code     8  stm32f10x_gpio.o(.text)
    GPIO_ReadOutputDataBit                   0x08001ca5   Thumb Code    18  stm32f10x_gpio.o(.text)
    GPIO_ReadOutputData                      0x08001cb7   Thumb Code     8  stm32f10x_gpio.o(.text)
    GPIO_SetBits                             0x08001cbf   Thumb Code     4  stm32f10x_gpio.o(.text)
    GPIO_ResetBits                           0x08001cc3   Thumb Code     4  stm32f10x_gpio.o(.text)
    GPIO_WriteBit                            0x08001cc7   Thumb Code    10  stm32f10x_gpio.o(.text)
    GPIO_Write                               0x08001cd1   Thumb Code     4  stm32f10x_gpio.o(.text)
    GPIO_PinLockConfig                       0x08001cd5   Thumb Code    18  stm32f10x_gpio.o(.text)
    GPIO_EventOutputConfig                   0x08001ce7   Thumb Code    26  stm32f10x_gpio.o(.text)
    GPIO_EventOutputCmd                      0x08001d01   Thumb Code     6  stm32f10x_gpio.o(.text)
    GPIO_PinRemapConfig                      0x08001d07   Thumb Code   138  stm32f10x_gpio.o(.text)
    GPIO_EXTILineConfig                      0x08001d91   Thumb Code    66  stm32f10x_gpio.o(.text)
    GPIO_ETH_MediaInterfaceConfig            0x08001dd3   Thumb Code     8  stm32f10x_gpio.o(.text)
    RCC_DeInit                               0x08001e01   Thumb Code    64  stm32f10x_rcc.o(.text)
    RCC_HSEConfig                            0x08001e41   Thumb Code    70  stm32f10x_rcc.o(.text)
    RCC_GetFlagStatus                        0x08001e87   Thumb Code    56  stm32f10x_rcc.o(.text)
    RCC_WaitForHSEStartUp                    0x08001ebf   Thumb Code    56  stm32f10x_rcc.o(.text)
    RCC_AdjustHSICalibrationValue            0x08001ef7   Thumb Code    20  stm32f10x_rcc.o(.text)
    RCC_HSICmd                               0x08001f0b   Thumb Code     6  stm32f10x_rcc.o(.text)
    RCC_PLLConfig                            0x08001f11   Thumb Code    24  stm32f10x_rcc.o(.text)
    RCC_PLLCmd                               0x08001f29   Thumb Code     6  stm32f10x_rcc.o(.text)
    RCC_SYSCLKConfig                         0x08001f2f   Thumb Code    18  stm32f10x_rcc.o(.text)
    RCC_GetSYSCLKSource                      0x08001f41   Thumb Code    10  stm32f10x_rcc.o(.text)
    RCC_HCLKConfig                           0x08001f4b   Thumb Code    18  stm32f10x_rcc.o(.text)
    RCC_PCLK1Config                          0x08001f5d   Thumb Code    18  stm32f10x_rcc.o(.text)
    RCC_PCLK2Config                          0x08001f6f   Thumb Code    20  stm32f10x_rcc.o(.text)
    RCC_ITConfig                             0x08001f83   Thumb Code    26  stm32f10x_rcc.o(.text)
    RCC_USBCLKConfig                         0x08001f9d   Thumb Code     8  stm32f10x_rcc.o(.text)
    RCC_ADCCLKConfig                         0x08001fa5   Thumb Code    18  stm32f10x_rcc.o(.text)
    RCC_LSEConfig                            0x08001fb7   Thumb Code    50  stm32f10x_rcc.o(.text)
    RCC_LSICmd                               0x08001fe9   Thumb Code     6  stm32f10x_rcc.o(.text)
    RCC_RTCCLKConfig                         0x08001fef   Thumb Code    12  stm32f10x_rcc.o(.text)
    RCC_RTCCLKCmd                            0x08001ffb   Thumb Code     8  stm32f10x_rcc.o(.text)
    RCC_GetClocksFreq                        0x08002003   Thumb Code   192  stm32f10x_rcc.o(.text)
    RCC_AHBPeriphClockCmd                    0x080020c3   Thumb Code    26  stm32f10x_rcc.o(.text)
    RCC_APB2PeriphClockCmd                   0x080020dd   Thumb Code    26  stm32f10x_rcc.o(.text)
    RCC_APB1PeriphClockCmd                   0x080020f7   Thumb Code    26  stm32f10x_rcc.o(.text)
    RCC_APB2PeriphResetCmd                   0x08002111   Thumb Code    26  stm32f10x_rcc.o(.text)
    RCC_APB1PeriphResetCmd                   0x0800212b   Thumb Code    26  stm32f10x_rcc.o(.text)
    RCC_BackupResetCmd                       0x08002145   Thumb Code     8  stm32f10x_rcc.o(.text)
    RCC_ClockSecuritySystemCmd               0x0800214d   Thumb Code     6  stm32f10x_rcc.o(.text)
    RCC_MCOConfig                            0x08002153   Thumb Code     6  stm32f10x_rcc.o(.text)
    RCC_ClearFlag                            0x08002159   Thumb Code    14  stm32f10x_rcc.o(.text)
    RCC_GetITStatus                          0x08002167   Thumb Code    20  stm32f10x_rcc.o(.text)
    RCC_ClearITPendingBit                    0x0800217b   Thumb Code     6  stm32f10x_rcc.o(.text)
    NVIC_PriorityGroupConfig                 0x080021a5   Thumb Code    10  misc.o(.text)
    NVIC_Init                                0x080021af   Thumb Code   100  misc.o(.text)
    NVIC_SetVectorTable                      0x08002213   Thumb Code    14  misc.o(.text)
    NVIC_SystemLPConfig                      0x08002221   Thumb Code    34  misc.o(.text)
    SysTick_CLKSourceConfig                  0x08002243   Thumb Code    40  misc.o(.text)
    USART_DeInit                             0x08002281   Thumb Code   134  stm32f10x_usart.o(.text)
    USART_Init                               0x08002307   Thumb Code   210  stm32f10x_usart.o(.text)
    USART_StructInit                         0x080023d9   Thumb Code    24  stm32f10x_usart.o(.text)
    USART_ClockInit                          0x080023f1   Thumb Code    34  stm32f10x_usart.o(.text)
    USART_ClockStructInit                    0x08002413   Thumb Code    12  stm32f10x_usart.o(.text)
    USART_Cmd                                0x0800241f   Thumb Code    24  stm32f10x_usart.o(.text)
    USART_ITConfig                           0x08002437   Thumb Code    74  stm32f10x_usart.o(.text)
    USART_DMACmd                             0x08002481   Thumb Code    18  stm32f10x_usart.o(.text)
    USART_SetAddress                         0x08002493   Thumb Code    18  stm32f10x_usart.o(.text)
    USART_WakeUpConfig                       0x080024a5   Thumb Code    18  stm32f10x_usart.o(.text)
    USART_ReceiverWakeUpCmd                  0x080024b7   Thumb Code    24  stm32f10x_usart.o(.text)
    USART_LINBreakDetectLengthConfig         0x080024cf   Thumb Code    18  stm32f10x_usart.o(.text)
    USART_LINCmd                             0x080024e1   Thumb Code    24  stm32f10x_usart.o(.text)
    USART_SendData                           0x080024f9   Thumb Code     8  stm32f10x_usart.o(.text)
    USART_ReceiveData                        0x08002501   Thumb Code    10  stm32f10x_usart.o(.text)
    USART_SendBreak                          0x0800250b   Thumb Code    10  stm32f10x_usart.o(.text)
    USART_SetGuardTime                       0x08002515   Thumb Code    16  stm32f10x_usart.o(.text)
    USART_SetPrescaler                       0x08002525   Thumb Code    16  stm32f10x_usart.o(.text)
    USART_SmartCardCmd                       0x08002535   Thumb Code    24  stm32f10x_usart.o(.text)
    USART_SmartCardNACKCmd                   0x0800254d   Thumb Code    24  stm32f10x_usart.o(.text)
    USART_HalfDuplexCmd                      0x08002565   Thumb Code    24  stm32f10x_usart.o(.text)
    USART_OverSampling8Cmd                   0x0800257d   Thumb Code    22  stm32f10x_usart.o(.text)
    USART_OneBitMethodCmd                    0x08002593   Thumb Code    24  stm32f10x_usart.o(.text)
    USART_IrDAConfig                         0x080025ab   Thumb Code    18  stm32f10x_usart.o(.text)
    USART_IrDACmd                            0x080025bd   Thumb Code    24  stm32f10x_usart.o(.text)
    USART_GetFlagStatus                      0x080025d5   Thumb Code    26  stm32f10x_usart.o(.text)
    USART_ClearFlag                          0x080025ef   Thumb Code    18  stm32f10x_usart.o(.text)
    USART_GetITStatus                        0x08002601   Thumb Code    84  stm32f10x_usart.o(.text)
    USART_ClearITPendingBit                  0x08002655   Thumb Code    52  stm32f10x_usart.o(.text)
    DMA_DeInit                               0x08002689   Thumb Code   324  stm32f10x_dma.o(.text)
    DMA_Init                                 0x080027cd   Thumb Code    60  stm32f10x_dma.o(.text)
    DMA_StructInit                           0x08002809   Thumb Code    26  stm32f10x_dma.o(.text)
    DMA_Cmd                                  0x08002823   Thumb Code    24  stm32f10x_dma.o(.text)
    DMA_ITConfig                             0x0800283b   Thumb Code    18  stm32f10x_dma.o(.text)
    DMA_SetCurrDataCounter                   0x0800284d   Thumb Code     4  stm32f10x_dma.o(.text)
    DMA_GetCurrDataCounter                   0x08002851   Thumb Code     8  stm32f10x_dma.o(.text)
    DMA_GetFlagStatus                        0x08002859   Thumb Code    40  stm32f10x_dma.o(.text)
    DMA_ClearFlag                            0x08002881   Thumb Code    22  stm32f10x_dma.o(.text)
    DMA_GetITStatus                          0x08002897   Thumb Code    40  stm32f10x_dma.o(.text)
    DMA_ClearITPendingBit                    0x080028bf   Thumb Code    22  stm32f10x_dma.o(.text)
    SDIO_DeInit                              0x080028dd   Thumb Code    28  stm32f10x_sdio.o(.text)
    SDIO_Init                                0x080028f9   Thumb Code    42  stm32f10x_sdio.o(.text)
    SDIO_StructInit                          0x08002923   Thumb Code    16  stm32f10x_sdio.o(.text)
    SDIO_ClockCmd                            0x08002933   Thumb Code     6  stm32f10x_sdio.o(.text)
    SDIO_SetPowerState                       0x08002939   Thumb Code    22  stm32f10x_sdio.o(.text)
    SDIO_GetPowerState                       0x0800294f   Thumb Code    10  stm32f10x_sdio.o(.text)
    SDIO_ITConfig                            0x08002959   Thumb Code    26  stm32f10x_sdio.o(.text)
    SDIO_DMACmd                              0x08002973   Thumb Code     6  stm32f10x_sdio.o(.text)
    SDIO_SendCommand                         0x08002979   Thumb Code    38  stm32f10x_sdio.o(.text)
    SDIO_CmdStructInit                       0x0800299f   Thumb Code    14  stm32f10x_sdio.o(.text)
    SDIO_GetCommandResponse                  0x080029ad   Thumb Code     8  stm32f10x_sdio.o(.text)
    SDIO_GetResponse                         0x080029b5   Thumb Code    22  stm32f10x_sdio.o(.text)
    SDIO_DataConfig                          0x080029cb   Thumb Code    42  stm32f10x_sdio.o(.text)
    SDIO_DataStructInit                      0x080029f5   Thumb Code    20  stm32f10x_sdio.o(.text)
    SDIO_GetDataCounter                      0x08002a09   Thumb Code     6  stm32f10x_sdio.o(.text)
    SDIO_ReadData                            0x08002a0f   Thumb Code     8  stm32f10x_sdio.o(.text)
    SDIO_WriteData                           0x08002a17   Thumb Code     8  stm32f10x_sdio.o(.text)
    SDIO_GetFIFOCount                        0x08002a1f   Thumb Code     6  stm32f10x_sdio.o(.text)
    SDIO_StartSDIOReadWait                   0x08002a25   Thumb Code     8  stm32f10x_sdio.o(.text)
    SDIO_StopSDIOReadWait                    0x08002a2d   Thumb Code     8  stm32f10x_sdio.o(.text)
    SDIO_SetSDIOReadWaitMode                 0x08002a35   Thumb Code     8  stm32f10x_sdio.o(.text)
    SDIO_SetSDIOOperation                    0x08002a3d   Thumb Code     8  stm32f10x_sdio.o(.text)
    SDIO_SendSDIOSuspendCmd                  0x08002a45   Thumb Code     6  stm32f10x_sdio.o(.text)
    SDIO_CommandCompletionCmd                0x08002a4b   Thumb Code     8  stm32f10x_sdio.o(.text)
    SDIO_CEATAITCmd                          0x08002a53   Thumb Code    12  stm32f10x_sdio.o(.text)
    SDIO_SendCEATACmd                        0x08002a5f   Thumb Code     8  stm32f10x_sdio.o(.text)
    SDIO_GetFlagStatus                       0x08002a67   Thumb Code    20  stm32f10x_sdio.o(.text)
    SDIO_ClearFlag                           0x08002a7b   Thumb Code     6  stm32f10x_sdio.o(.text)
    SDIO_GetITStatus                         0x08002a81   Thumb Code    20  stm32f10x_sdio.o(.text)
    SDIO_ClearITPendingBit                   0x08002a95   Thumb Code     6  stm32f10x_sdio.o(.text)
    SystemInit                               0x08002b8f   Thumb Code    78  system_stm32f10x.o(.text)
    SystemCoreClockUpdate                    0x08002bdd   Thumb Code   142  system_stm32f10x.o(.text)
    disk_status                              0x08002c91   Thumb Code     6  diskio.o(.text)
    disk_initialize                          0x08002c97   Thumb Code    20  diskio.o(.text)
    disk_read                                0x08002cab   Thumb Code    78  diskio.o(.text)
    disk_write                               0x08002cf9   Thumb Code    78  diskio.o(.text)
    disk_ioctl                               0x08002d47   Thumb Code    64  diskio.o(.text)
    get_fattime                              0x08002d87   Thumb Code     4  diskio.o(.text)
    clust2sect                               0x08003139   Thumb Code    26  ff.o(.text)
    get_fat                                  0x08003153   Thumb Code   248  ff.o(.text)
    put_fat                                  0x0800324b   Thumb Code   322  ff.o(.text)
    f_mount                                  0x08003fad   Thumb Code    92  ff.o(.text)
    f_open                                   0x08004009   Thumb Code   436  ff.o(.text)
    f_read                                   0x080041bd   Thumb Code   434  ff.o(.text)
    f_write                                  0x0800436f   Thumb Code   472  ff.o(.text)
    f_sync                                   0x08004547   Thumb Code   176  ff.o(.text)
    f_close                                  0x080045f7   Thumb Code    42  ff.o(.text)
    f_chdrive                                0x08004621   Thumb Code    26  ff.o(.text)
    f_chdir                                  0x0800463b   Thumb Code    84  ff.o(.text)
    f_lseek                                  0x0800468f   Thumb Code   382  ff.o(.text)
    f_opendir                                0x0800480d   Thumb Code   140  ff.o(.text)
    f_closedir                               0x08004899   Thumb Code    36  ff.o(.text)
    f_readdir                                0x080048bd   Thumb Code    88  ff.o(.text)
    f_stat                                   0x08004915   Thumb Code    60  ff.o(.text)
    f_getfree                                0x08004951   Thumb Code   264  ff.o(.text)
    f_truncate                               0x08004a59   Thumb Code   184  ff.o(.text)
    f_unlink                                 0x08004b11   Thumb Code   202  ff.o(.text)
    f_mkdir                                  0x08004bdb   Thumb Code   364  ff.o(.text)
    f_chmod                                  0x08004d47   Thumb Code    96  ff.o(.text)
    f_rename                                 0x08004da7   Thumb Code   282  ff.o(.text)
    f_utime                                  0x08004ec1   Thumb Code    98  ff.o(.text)
    f_mkfs                                   0x08004f23   Thumb Code  1580  ff.o(.text)
    f_gets                                   0x0800554f   Thumb Code    82  ff.o(.text)
    f_putc                                   0x080055e5   Thumb Code    64  ff.o(.text)
    f_puts                                   0x08005625   Thumb Code    74  ff.o(.text)
    f_printf                                 0x0800566f   Thumb Code   654  ff.o(.text)
    __aeabi_memcpy                           0x080058fd   Thumb Code    36  memcpya.o(.text)
    __aeabi_memcpy4                          0x080058fd   Thumb Code     0  memcpya.o(.text)
    __aeabi_memcpy8                          0x080058fd   Thumb Code     0  memcpya.o(.text)
    __aeabi_memset                           0x08005921   Thumb Code    14  memseta.o(.text)
    __aeabi_memset4                          0x08005921   Thumb Code     0  memseta.o(.text)
    __aeabi_memset8                          0x08005921   Thumb Code     0  memseta.o(.text)
    __aeabi_memclr                           0x0800592f   Thumb Code     4  memseta.o(.text)
    __aeabi_memclr4                          0x0800592f   Thumb Code     0  memseta.o(.text)
    __aeabi_memclr8                          0x0800592f   Thumb Code     0  memseta.o(.text)
    _memset$wrapper                          0x08005933   Thumb Code    18  memseta.o(.text)
    __scatterload                            0x08005945   Thumb Code    28  init.o(.text)
    __scatterload_rt2                        0x08005945   Thumb Code     0  init.o(.text)
    __0printf$2                              0x08005969   Thumb Code    22  printf2.o(i.__0printf$2)
    __1printf$2                              0x08005969   Thumb Code     0  printf2.o(i.__0printf$2)
    __2printf                                0x08005969   Thumb Code     0  printf2.o(i.__0printf$2)
    __scatterload_copy                       0x08005989   Thumb Code    14  handlers.o(i.__scatterload_copy)
    __scatterload_null                       0x08005997   Thumb Code     2  handlers.o(i.__scatterload_null)
    __scatterload_zeroinit                   0x08005999   Thumb Code    14  handlers.o(i.__scatterload_zeroinit)
    Region$$Table$$Base                      0x08005aa8   Number         0  anon$$obj.o(Region$$Table)
    Region$$Table$$Limit                     0x08005ac8   Number         0  anon$$obj.o(Region$$Table)
    Status                                   0x20000000   Data           1  main.o(.data)
    res                                      0x20000004   Data           4  main.o(.data)
    brw                                      0x20000008   Data           4  main.o(.data)
    StopCondition                            0x20000014   Data           4  sdio_sdcard.o(.data)
    TransferError                            0x20000018   Data           1  sdio_sdcard.o(.data)
    TransferEnd                              0x2000001c   Data           4  sdio_sdcard.o(.data)
    SystemCoreClock                          0x20000034   Data           4  system_stm32f10x.o(.data)
    AHBPrescTable                            0x20000038   Data          16  system_stm32f10x.o(.data)
    __stdout                                 0x2000004c   Data           4  stdout.o(.data)
    fs                                       0x20000050   Data         564  main.o(.bss)
    fdst                                     0x20000284   Data         552  main.o(.bss)
    SDCardInfo                               0x200004dc   Data          80  sdio_sdcard.o(.bss)
    SDIO_InitStructure                       0x2000052c   Data          24  sdio_sdcard.o(.bss)
    SDIO_CmdInitStructure                    0x20000544   Data          20  sdio_sdcard.o(.bss)
    SDIO_DataInitStructure                   0x20000558   Data          24  sdio_sdcard.o(.bss)
    __initial_sp                             0x200009a0   Data           0  startup_stm32f10x_hd.o(STACK)



==============================================================================

Memory Map of the image

  Image Entry point : 0x08000131

  Load Region LR_IROM1 (Base: 0x08000000, Size: 0x00005b18, Max: 0x00080000, ABSOLUTE)

    Execution Region ER_IROM1 (Base: 0x08000000, Size: 0x00005ac8, Max: 0x00080000, ABSOLUTE)

    Base Addr    Size         Type   Attr      Idx    E Section Name        Object

    0x08000000   0x00000130   Data   RO            3    RESET               startup_stm32f10x_hd.o
    0x08000130   0x00000000   Code   RO          321  * .ARM.Collect$$$$00000000  mc_w.l(entry.o)
    0x08000130   0x00000004   Code   RO          591    .ARM.Collect$$$$00000001  mc_w.l(entry2.o)
    0x08000134   0x00000004   Code   RO          594    .ARM.Collect$$$$00000004  mc_w.l(entry5.o)
    0x08000138   0x00000000   Code   RO          596    .ARM.Collect$$$$00000008  mc_w.l(entry7b.o)
    0x08000138   0x00000000   Code   RO          598    .ARM.Collect$$$$0000000A  mc_w.l(entry8b.o)
    0x08000138   0x00000008   Code   RO          599    .ARM.Collect$$$$0000000B  mc_w.l(entry9a.o)
    0x08000140   0x00000000   Code   RO          601    .ARM.Collect$$$$0000000D  mc_w.l(entry10a.o)
    0x08000140   0x00000000   Code   RO          603    .ARM.Collect$$$$0000000F  mc_w.l(entry11a.o)
    0x08000140   0x00000004   Code   RO          592    .ARM.Collect$$$$00002712  mc_w.l(entry2.o)
    0x08000144   0x00000024   Code   RO            4    .text               startup_stm32f10x_hd.o
    0x08000168   0x00000290   Code   RO           10    .text               main.o
    0x080003f8   0x00000060   Code   RO          110    .text               stm32f10x_it.o
    0x08000458   0x0000164c   Code   RO          125    .text               sdio_sdcard.o
    0x08001aa4   0x0000035c   Code   RO          141    .text               stm32f10x_gpio.o
    0x08001e00   0x000003a4   Code   RO          153    .text               stm32f10x_rcc.o
    0x080021a4   0x000000dc   Code   RO          167    .text               misc.o
    0x08002280   0x00000408   Code   RO          203    .text               stm32f10x_usart.o
    0x08002688   0x00000254   Code   RO          215    .text               stm32f10x_dma.o
    0x080028dc   0x000001d4   Code   RO          227    .text               stm32f10x_sdio.o
    0x08002ab0   0x000001e0   Code   RO          249    .text               system_stm32f10x.o
    0x08002c90   0x00000100   Code   RO          274    .text               diskio.o
    0x08002d90   0x00002b6c   Code   RO          296    .text               ff.o
    0x080058fc   0x00000024   Code   RO          324    .text               mc_w.l(memcpya.o)
    0x08005920   0x00000024   Code   RO          326    .text               mc_w.l(memseta.o)
    0x08005944   0x00000024   Code   RO          621    .text               mc_w.l(init.o)
    0x08005968   0x00000020   Code   RO          397    i.__0printf$2       mc_w.l(printf2.o)
    0x08005988   0x0000000e   Code   RO          633    i.__scatterload_copy  mc_w.l(handlers.o)
    0x08005996   0x00000002   Code   RO          634    i.__scatterload_null  mc_w.l(handlers.o)
    0x08005998   0x0000000e   Code   RO          635    i.__scatterload_zeroinit  mc_w.l(handlers.o)
    0x080059a6   0x000000d6   Code   RO          404    i._printf_core      mc_w.l(printf2.o)
    0x08005a7c   0x0000002c   Data   RO          298    .constdata          ff.o
    0x08005aa8   0x00000020   Data   RO          631    Region$$Table       anon$$obj.o


    Execution Region RW_IRAM1 (Base: 0x20000000, Size: 0x000009a0, Max: 0x00010000, ABSOLUTE)

    Base Addr    Size         Type   Attr      Idx    E Section Name        Object

    0x20000000   0x0000000c   Data   RW           12    .data               main.o
    0x2000000c   0x00000014   Data   RW          127    .data               sdio_sdcard.o
    0x20000020   0x00000014   Data   RW          154    .data               stm32f10x_rcc.o
    0x20000034   0x00000014   Data   RW          250    .data               system_stm32f10x.o
    0x20000048   0x00000003   Data   RW          299    .data               ff.o
    0x2000004b   0x00000001   PAD
    0x2000004c   0x00000004   Data   RW          605    .data               mc_w.l(stdout.o)
    0x20000050   0x0000045c   Zero   RW           11    .bss                main.o
    0x200004ac   0x000000c4   Zero   RW          126    .bss                sdio_sdcard.o
    0x20000570   0x00000030   Zero   RW          297    .bss                ff.o
    0x200005a0   0x00000400   Zero   RW            1    STACK               startup_stm32f10x_hd.o


==============================================================================

Image component sizes


      Code (inc. data)   RO Data    RW Data    ZI Data      Debug   Object Name

       256          6          0          0          0       9395   diskio.o
     11116        126         44          3         48      33166   ff.o
       656        208          0         12       1116     263054   main.o
       220         22          0          0          0       1669   misc.o
      5708        208          0         20        196      17124   sdio_sdcard.o
        36          8        304          0       1024        788   startup_stm32f10x_hd.o
       596          8          0          0          0       4230   stm32f10x_dma.o
       860         38          0          0          0       5605   stm32f10x_gpio.o
        96          6          0          0          0       1974   stm32f10x_it.o
       932         36          0         20          0       8736   stm32f10x_rcc.o
       468         22          0          0          0       6988   stm32f10x_sdio.o
      1032         22          0          0          0       8324   stm32f10x_usart.o
       480         38          0         20          0       1691   system_stm32f10x.o

    ----------------------------------------------------------------------
     22456        748        380         76       2384     362744   Object Totals
         0          0         32          0          0          0   (incl. Generated)
         0          0          0          1          0          0   (incl. Padding)

    ----------------------------------------------------------------------

      Code (inc. data)   RO Data    RW Data    ZI Data      Debug   Library Member Name

         0          0          0          0          0          0   entry.o
         0          0          0          0          0          0   entry10a.o
         0          0          0          0          0          0   entry11a.o
         8          4          0          0          0          0   entry2.o
         4          0          0          0          0          0   entry5.o
         0          0          0          0          0          0   entry7b.o
         0          0          0          0          0          0   entry8b.o
         8          4          0          0          0          0   entry9a.o
        30          0          0          0          0          0   handlers.o
        36          8          0          0          0         68   init.o
        36          0          0          0          0         68   memcpya.o
        36          0          0          0          0        108   memseta.o
       246         10          0          0          0        176   printf2.o
         0          0          0          4          0          0   stdout.o

    ----------------------------------------------------------------------
       404         26          0          4          0        420   Library Totals
         0          0          0          0          0          0   (incl. Padding)

    ----------------------------------------------------------------------

      Code (inc. data)   RO Data    RW Data    ZI Data      Debug   Library Name

       404         26          0          4          0        420   mc_w.l

    ----------------------------------------------------------------------
       404         26          0          4          0        420   Library Totals

    ----------------------------------------------------------------------

==============================================================================


      Code (inc. data)   RO Data    RW Data    ZI Data      Debug   

     22860        774        380         80       2384     361860   Grand Totals
     22860        774        380         80       2384     361860   ELF Image Totals
     22860        774        380         80          0          0   ROM Totals

==============================================================================

    Total RO  Size (Code + RO Data)                23240 (  22.70kB)
    Total RW  Size (RW Data + ZI Data)              2464 (   2.41kB)
    Total ROM Size (Code + RO Data + RW Data)      23320 (  22.77kB)

==============================================================================

