<html>
<body>
<pre>
<h1>礦ision Build Log</h1>
<h2>Tool Versions:</h2>
IDE-Version: μVision V5.23.0.0
Copyright (C) 2017 ARM Ltd and ARM Germany GmbH. All rights reserved.
License Information: DK Chong, AMNC, LIC=LSNVE-5VKDE-JI25S-L33EI-B0KQL-E2NCQ
 
Tool Versions:
Toolchain:       MDK-ARM Plus  Version: 5.23
Toolchain Path:  F:\uKeil5\ARM\ARMCC\Bin
C Compiler:      Armcc.exe V5.06 update 4 (build 422)
Assembler:       Armasm.exe V5.06 update 4 (build 422)
Linker/Locator:  ArmLink.exe V5.06 update 4 (build 422)
Library Manager: ArmAr.exe V5.06 update 4 (build 422)
Hex Converter:   FromElf.exe V5.06 update 4 (build 422)
CPU DLL:         SARMCM3.DLL V5.23
Dialog DLL:      DARMSTM.DLL V1.68.0.0
Target DLL:      STLink\ST-LINKIII-KEIL_SWO.dll V2.0.18.0
Dialog DLL:      TARMSTM.DLL V1.66.0.0
 
<h2>Project:</h2>
E:\STM32 学习\大黄蜂\SD卡\外设篇 28.FATFS文件系统实验\程序\LY-STM32.Uv2
Project File Date:  10/29/2015

<h2>Output:</h2>
*** Using Compiler 'V5.06 update 4 (build 422)', folder: 'F:\uKeil5\ARM\ARMCC\Bin'
Rebuild target 'LY-STM32'
assembling startup_stm32f10x_hd.s...
compiling pbdata.c...
compiling main.c...
compiling stm32f10x_it.c...
compiling stm32f10x_gpio.c...
compiling stm32f10x_rcc.c...
compiling sdio_sdcard.c...
compiling misc.c...
compiling stm32f10x_exti.c...
compiling stm32f10x_usart.c...
compiling stm32f10x_tim.c...
compiling stm32f10x_dma.c...
compiling core_cm3.c...
compiling stm32f10x_sdio.c...
compiling system_stm32f10x.c...
compiling diskio.c...
compiling cc936.c...
compiling ff.c...
linking...
Program Size: Code=23924 RO-data=176716 RW-data=80 ZI-data=2384  
FromELF: creating hex file...
".\LY-STM32.axf" - 0 Error(s), 0 Warning(s).
Build Time Elapsed:  00:00:06
</pre>
</body>
</html>
